---:: OUYPUT ::---



mysql> select * from project;
+-----------+--------------------+
| ProjectId | ProjectName        |
+-----------+--------------------+
|         3 | Online Treds       |
|         4 | Gaming Application |
|         5 | Web Application    |
+-----------+--------------------+
3 rows in set (0.00 sec)

mysql> select * from employeedesc;
+------------+--------------+
| EmployeeId | EmployeeName |
+------------+--------------+
|          1 | Sachin       |
|          2 | Ricky        |
+------------+--------------+
2 rows in set (0.00 sec)

mysql> show tables ;
+--------------------------+
| Tables_in_hibernateadmin |
+--------------------------+
| answer                   |
| contractemployeedet      |
| contractemployeeinfo     |
| employee                 |
| employeedesc             |
| employeedetails          |
| employeeinfo             |
| employeetoproject        |
| hibernate_sequence       |
| project                  |
| question                 |
| regularemployeedet       |
| regularemployeeinfo      |
| student                  |
| studentinfo              |
+--------------------------+
15 rows in set (0.00 sec)

mysql> select * from employeetoproject;
+-------+-------+
| EmpId | PrjId |
+-------+-------+
|     1 |     3 |
|     1 |     4 |
|     2 |     5 |
+-------+-------+
3 rows in set (0.00 sec)

mysql>



Jun 10, 2021 9:13:18 PM org.hibernate.Version logVersion
INFO: HHH000412: Hibernate Core {5.0.12.Final}
Jun 10, 2021 9:13:18 PM org.hibernate.cfg.Environment <clinit>
INFO: HHH000206: hibernate.properties not found
Jun 10, 2021 9:13:18 PM org.hibernate.cfg.Environment buildBytecodeProvider
INFO: HHH000021: Bytecode provider name : javassist
Jun 10, 2021 9:13:18 PM org.hibernate.boot.jaxb.internal.stax.LocalXmlResourceResolver resolveEntity
WARN: HHH90000012: Recognized obsolete hibernate namespace http://hibernate.sourceforge.net/hibernate-configuration. Use namespace http://www.hibernate.org/dtd/hibernate-configuration instead.  Support for obsolete DTD/XSD namespaces may be removed at any time.
Jun 10, 2021 9:13:18 PM org.hibernate.annotations.common.reflection.java.JavaReflectionManager <clinit>
INFO: HCANN000001: Hibernate Commons Annotations {5.0.1.Final}
Jun 10, 2021 9:13:18 PM org.hibernate.engine.jdbc.connections.internal.DriverManagerConnectionProviderImpl configure
WARN: HHH10001002: Using Hibernate built-in connection pool (not for production use!)
Jun 10, 2021 9:13:18 PM org.hibernate.engine.jdbc.connections.internal.DriverManagerConnectionProviderImpl buildCreator
INFO: HHH10001005: using driver [null] at URL [jdbc:mysql://localhost:3306/hibernateadmin]
Jun 10, 2021 9:13:18 PM org.hibernate.engine.jdbc.connections.internal.DriverManagerConnectionProviderImpl buildCreator
INFO: HHH10001001: Connection properties: {user=root, password=****, driver=com.mysql.jdbc.Driver}
Jun 10, 2021 9:13:18 PM org.hibernate.engine.jdbc.connections.internal.DriverManagerConnectionProviderImpl buildCreator
INFO: HHH10001003: Autocommit mode: false
Jun 10, 2021 9:13:18 PM org.hibernate.engine.jdbc.connections.internal.PooledConnections <init>
INFO: HHH000115: Hibernate connection pool size: 20 (min=1)
Thu Jun 10 21:13:18 IST 2021 WARN: Establishing SSL connection without server's identity verification is not recommended. According to MySQL 5.5.45+, 5.6.26+ and 5.7.6+ requirements SSL connection must be established by default if explicit option isn't set. For compliance with existing applications not using SSL the verifyServerCertificate property is set to 'false'. You need either to explicitly disable SSL by setting useSSL=false, or set useSSL=true and provide truststore for server certificate verification.
Jun 10, 2021 9:13:20 PM org.hibernate.dialect.Dialect <init>
INFO: HHH000400: Using dialect: org.hibernate.dialect.MySQL5Dialect
Jun 10, 2021 9:13:21 PM org.hibernate.tool.hbm2ddl.SchemaExport execute
INFO: HHH000227: Running hbm2ddl schema export
Hibernate: alter table EmployeeToProject drop foreign key FKsr3sixaanjwijjc80tqkkshbt
Jun 10, 2021 9:13:21 PM org.hibernate.tool.hbm2ddl.SchemaExport perform
ERROR: HHH000389: Unsuccessful: alter table EmployeeToProject drop foreign key FKsr3sixaanjwijjc80tqkkshbt
Jun 10, 2021 9:13:21 PM org.hibernate.tool.hbm2ddl.SchemaExport perform
ERROR: Table 'hibernateadmin.employeetoproject' doesn't exist
Hibernate: alter table EmployeeToProject drop foreign key FKis366qro0827faeys7ha1d8n2
Jun 10, 2021 9:13:21 PM org.hibernate.tool.hbm2ddl.SchemaExport perform
ERROR: HHH000389: Unsuccessful: alter table EmployeeToProject drop foreign key FKis366qro0827faeys7ha1d8n2
Jun 10, 2021 9:13:21 PM org.hibernate.tool.hbm2ddl.SchemaExport perform
ERROR: Table 'hibernateadmin.employeetoproject' doesn't exist
Hibernate: drop table if exists EmployeeDesc
Hibernate: drop table if exists EmployeeToProject
Hibernate: drop table if exists hibernate_sequence
Hibernate: drop table if exists Project
Hibernate: create table EmployeeDesc (EmployeeId integer not null, EmployeeName varchar(255), primary key (EmployeeId))
Hibernate: create table EmployeeToProject (EmpId integer not null, PrjId integer not null)
Hibernate: create table hibernate_sequence (next_val bigint)
Hibernate: insert into hibernate_sequence values ( 1 )
Hibernate: insert into hibernate_sequence values ( 1 )
Hibernate: create table Project (ProjectId integer not null, ProjectName varchar(255), primary key (ProjectId))
Hibernate: alter table EmployeeToProject add constraint FKsr3sixaanjwijjc80tqkkshbt foreign key (PrjId) references Project (ProjectId)
Hibernate: alter table EmployeeToProject add constraint FKis366qro0827faeys7ha1d8n2 foreign key (EmpId) references EmployeeDesc (EmployeeId)
Jun 10, 2021 9:13:23 PM org.hibernate.tool.hbm2ddl.SchemaExport execute
INFO: HHH000230: Schema export complete
Thu Jun 10 21:13:23 IST 2021 WARN: Establishing SSL connection without server's identity verification is not recommended. According to MySQL 5.5.45+, 5.6.26+ and 5.7.6+ requirements SSL connection must be established by default if explicit option isn't set. For compliance with existing applications not using SSL the verifyServerCertificate property is set to 'false'. You need either to explicitly disable SSL by setting useSSL=false, or set useSSL=true and provide truststore for server certificate verification.
Hibernate: select next_val as id_val from hibernate_sequence for update
Hibernate: update hibernate_sequence set next_val= ? where next_val=?
Hibernate: select next_val as id_val from hibernate_sequence for update
Hibernate: update hibernate_sequence set next_val= ? where next_val=?
Hibernate: select next_val as id_val from hibernate_sequence for update
Hibernate: update hibernate_sequence set next_val= ? where next_val=?
Hibernate: select next_val as id_val from hibernate_sequence for update
Hibernate: update hibernate_sequence set next_val= ? where next_val=?
Hibernate: select next_val as id_val from hibernate_sequence for update
Hibernate: update hibernate_sequence set next_val= ? where next_val=?
Hibernate: insert into EmployeeDesc (EmployeeName, EmployeeId) values (?, ?)
Hibernate: insert into EmployeeDesc (EmployeeName, EmployeeId) values (?, ?)
Hibernate: insert into Project (ProjectName, ProjectId) values (?, ?)
Hibernate: insert into Project (ProjectName, ProjectId) values (?, ?)
Hibernate: insert into Project (ProjectName, ProjectId) values (?, ?)
Hibernate: insert into EmployeeToProject (EmpId, PrjId) values (?, ?)
Hibernate: insert into EmployeeToProject (EmpId, PrjId) values (?, ?)
Hibernate: insert into EmployeeToProject (EmpId, PrjId) values (?, ?)




mysql> use hibernateadmin
Database changed
mysql> show tables ;
+--------------------------+
| Tables_in_hibernateadmin |
+--------------------------+
| answer                   |
| contractemployeedet      |
| contractemployeeinfo     |
| employee                 |
| employeedesc             |
| employeedesc_project     |
| employeedetails          |
| employeeinfo             |
| hibernate_sequence       |
| project                  |
| question                 |
| regularemployeedet       |
| regularemployeeinfo      |
| student                  |
| studentinfo              |
+--------------------------+
15 rows in set (0.00 sec)

mysql> select * from employeedesc;
+------------+--------------+
| EmployeeId | EmployeeName |
+------------+--------------+
|          1 | Sachin       |
|          2 | Ricky        |
+------------+--------------+
2 rows in set (0.00 sec)

mysql> select * from project;
+-----------+--------------------+
| ProjectId | ProjectName        |
+-----------+--------------------+
|         3 | Online Treds       |
|         4 | Gaming Application |
|         5 | Web Application    |
+-----------+--------------------+
3 rows in set (0.00 sec)

mysql> select * from employeedesc_project;
+---------------------+-------------------+
| employee_EmployeeId | project_ProjectId |
+---------------------+-------------------+
|                   1 |                 3 |
|                   1 |                 4 |
|                   2 |                 5 |
+---------------------+-------------------+
3 rows in set (0.00 sec)

mysql>



Jun 10, 2021 9:00:14 PM org.hibernate.Version logVersion
INFO: HHH000412: Hibernate Core {5.0.12.Final}
Jun 10, 2021 9:00:14 PM org.hibernate.cfg.Environment <clinit>
INFO: HHH000206: hibernate.properties not found
Jun 10, 2021 9:00:14 PM org.hibernate.cfg.Environment buildBytecodeProvider
INFO: HHH000021: Bytecode provider name : javassist
Jun 10, 2021 9:00:14 PM org.hibernate.boot.jaxb.internal.stax.LocalXmlResourceResolver resolveEntity
WARN: HHH90000012: Recognized obsolete hibernate namespace http://hibernate.sourceforge.net/hibernate-configuration. Use namespace http://www.hibernate.org/dtd/hibernate-configuration instead.  Support for obsolete DTD/XSD namespaces may be removed at any time.
Jun 10, 2021 9:00:14 PM org.hibernate.annotations.common.reflection.java.JavaReflectionManager <clinit>
INFO: HCANN000001: Hibernate Commons Annotations {5.0.1.Final}
Jun 10, 2021 9:00:14 PM org.hibernate.engine.jdbc.connections.internal.DriverManagerConnectionProviderImpl configure
WARN: HHH10001002: Using Hibernate built-in connection pool (not for production use!)
Jun 10, 2021 9:00:14 PM org.hibernate.engine.jdbc.connections.internal.DriverManagerConnectionProviderImpl buildCreator
INFO: HHH10001005: using driver [null] at URL [jdbc:mysql://localhost:3306/hibernateadmin]
Jun 10, 2021 9:00:14 PM org.hibernate.engine.jdbc.connections.internal.DriverManagerConnectionProviderImpl buildCreator
INFO: HHH10001001: Connection properties: {user=root, password=****, driver=com.mysql.jdbc.Driver}
Jun 10, 2021 9:00:14 PM org.hibernate.engine.jdbc.connections.internal.DriverManagerConnectionProviderImpl buildCreator
INFO: HHH10001003: Autocommit mode: false
Jun 10, 2021 9:00:14 PM org.hibernate.engine.jdbc.connections.internal.PooledConnections <init>
INFO: HHH000115: Hibernate connection pool size: 20 (min=1)
Thu Jun 10 21:00:15 IST 2021 WARN: Establishing SSL connection without server's identity verification is not recommended. According to MySQL 5.5.45+, 5.6.26+ and 5.7.6+ requirements SSL connection must be established by default if explicit option isn't set. For compliance with existing applications not using SSL the verifyServerCertificate property is set to 'false'. You need either to explicitly disable SSL by setting useSSL=false, or set useSSL=true and provide truststore for server certificate verification.
Jun 10, 2021 9:00:16 PM org.hibernate.dialect.Dialect <init>
INFO: HHH000400: Using dialect: org.hibernate.dialect.MySQL5Dialect
Jun 10, 2021 9:00:17 PM org.hibernate.tool.hbm2ddl.SchemaExport execute
INFO: HHH000227: Running hbm2ddl schema export
Hibernate: alter table EmployeeDesc_Project drop foreign key FK1xdf98evd4impk3jqb6d2dm4d
Jun 10, 2021 9:00:17 PM org.hibernate.tool.hbm2ddl.SchemaExport perform
ERROR: HHH000389: Unsuccessful: alter table EmployeeDesc_Project drop foreign key FK1xdf98evd4impk3jqb6d2dm4d
Jun 10, 2021 9:00:17 PM org.hibernate.tool.hbm2ddl.SchemaExport perform
ERROR: Table 'hibernateadmin.employeedesc_project' doesn't exist
Hibernate: alter table EmployeeDesc_Project drop foreign key FKlxcmc79am1vcmh73yxktqyuq6
Jun 10, 2021 9:00:17 PM org.hibernate.tool.hbm2ddl.SchemaExport perform
ERROR: HHH000389: Unsuccessful: alter table EmployeeDesc_Project drop foreign key FKlxcmc79am1vcmh73yxktqyuq6
Jun 10, 2021 9:00:17 PM org.hibernate.tool.hbm2ddl.SchemaExport perform
ERROR: Table 'hibernateadmin.employeedesc_project' doesn't exist
Hibernate: drop table if exists EmployeeDesc
Hibernate: drop table if exists EmployeeDesc_Project
Hibernate: drop table if exists hibernate_sequence
Hibernate: drop table if exists Project
Hibernate: create table EmployeeDesc (EmployeeId integer not null, EmployeeName varchar(255), primary key (EmployeeId))
Hibernate: create table EmployeeDesc_Project (employee_EmployeeId integer not null, project_ProjectId integer not null)
Hibernate: create table hibernate_sequence (next_val bigint)
Hibernate: insert into hibernate_sequence values ( 1 )
Hibernate: insert into hibernate_sequence values ( 1 )
Hibernate: create table Project (ProjectId integer not null, ProjectName varchar(255), primary key (ProjectId))
Hibernate: alter table EmployeeDesc_Project add constraint FK1xdf98evd4impk3jqb6d2dm4d foreign key (project_ProjectId) references Project (ProjectId)
Hibernate: alter table EmployeeDesc_Project add constraint FKlxcmc79am1vcmh73yxktqyuq6 foreign key (employee_EmployeeId) references EmployeeDesc (EmployeeId)
Jun 10, 2021 9:00:20 PM org.hibernate.tool.hbm2ddl.SchemaExport execute
INFO: HHH000230: Schema export complete
Thu Jun 10 21:00:21 IST 2021 WARN: Establishing SSL connection without server's identity verification is not recommended. According to MySQL 5.5.45+, 5.6.26+ and 5.7.6+ requirements SSL connection must be established by default if explicit option isn't set. For compliance with existing applications not using SSL the verifyServerCertificate property is set to 'false'. You need either to explicitly disable SSL by setting useSSL=false, or set useSSL=true and provide truststore for server certificate verification.
Hibernate: select next_val as id_val from hibernate_sequence for update
Hibernate: update hibernate_sequence set next_val= ? where next_val=?
Hibernate: select next_val as id_val from hibernate_sequence for update
Hibernate: update hibernate_sequence set next_val= ? where next_val=?
Hibernate: select next_val as id_val from hibernate_sequence for update
Hibernate: update hibernate_sequence set next_val= ? where next_val=?
Hibernate: select next_val as id_val from hibernate_sequence for update
Hibernate: update hibernate_sequence set next_val= ? where next_val=?
Hibernate: select next_val as id_val from hibernate_sequence for update
Hibernate: update hibernate_sequence set next_val= ? where next_val=?
Hibernate: insert into EmployeeDesc (EmployeeName, EmployeeId) values (?, ?)
Hibernate: insert into EmployeeDesc (EmployeeName, EmployeeId) values (?, ?)
Hibernate: insert into Project (ProjectName, ProjectId) values (?, ?)
Hibernate: insert into Project (ProjectName, ProjectId) values (?, ?)
Hibernate: insert into Project (ProjectName, ProjectId) values (?, ?)
Hibernate: insert into EmployeeDesc_Project (employee_EmployeeId, project_ProjectId) values (?, ?)
Hibernate: insert into EmployeeDesc_Project (employee_EmployeeId, project_ProjectId) values (?, ?)
Hibernate: insert into EmployeeDesc_Project (employee_EmployeeId, project_ProjectId) values (?, ?)
